2026-04-23 10:54:36 | WARNING |   Behavioural LSTM not found at .\behavioral_lstm.h5
2026-04-23 10:54:36 | WARNING |   Behavioural LSTM not found at .\behavioral_lstm.h5
2026-04-23 10:54:36 | INFO | 
MODEL STATUS:
AE Loaded:   True
IF Loaded:   True
LSTM Loaded: False

2026-04-23 10:54:36 | INFO | 
MODEL STATUS:
AE Loaded:   True
IF Loaded:   True
LSTM Loaded: False

2026-04-23 10:55:43 | WARNING |   Behavioural LSTM not found at .\behavioral_lstm.h5
2026-04-23 10:55:43 | WARNING |   Behavioural LSTM not found at .\behavioral_lstm.h5
2026-04-23 10:55:43 | INFO | 
MODEL STATUS:
AE Loaded:   True
IF Loaded:   True
LSTM Loaded: False

2026-04-23 10:55:43 | INFO | 
MODEL STATUS:
AE Loaded:   True
IF Loaded:   True
LSTM Loaded: False

2026-04-23 10:56:54 | WARNING |   Behavioural LSTM not found at .\behavioral_lstm.h5
2026-04-23 10:56:54 | WARNING |   Behavioural LSTM not found at .\behavioral_lstm.h5
2026-04-23 10:56:54 | INFO | 
MODEL STATUS:
AE Loaded:   True
IF Loaded:   True
LSTM Loaded: False

2026-04-23 10:56:54 | INFO | 
MODEL STATUS:
AE Loaded:   True
IF Loaded:   True
LSTM Loaded: False

2026-04-23 11:00:51 | WARNING |   Behavioural LSTM not found at .\behavioral_lstm.h5
2026-04-23 11:00:51 | WARNING |   Behavioural LSTM not found at .\behavioral_lstm.h5
2026-04-23 11:00:51 | INFO | 
MODEL STATUS:
AE Loaded:   True
IF Loaded:   True
LSTM Loaded: False

2026-04-23 11:00:51 | INFO | 
MODEL STATUS:
AE Loaded:   True
IF Loaded:   True
LSTM Loaded: False

2026-04-23 11:07:34 | WARNING |   Behavioural LSTM not found at .\behavioral_lstm.h5
2026-04-23 11:07:34 | WARNING |   Behavioural LSTM not found at .\behavioral_lstm.h5
2026-04-23 11:08:06 | WARNING |   Behavioural LSTM not found at .\behavioral_lstm.h5
2026-04-23 11:08:06 | WARNING |   Behavioural LSTM not found at .\behavioral_lstm.h5
2026-04-23 11:23:40 | WARNING |   Behavioural LSTM not found at .\behavioral_lstm.h5
2026-04-23 11:23:40 | WARNING |   Behavioural LSTM not found at .\behavioral_lstm.h5
